// Jest Snapshot v1, https://goo.gl/fbAQLP

exports[`Contact-page test Take snapshot of goal-component 1`] = `
<View
  style={
    Object {
      "flex": 1,
      "paddingBottom": 15,
    }
  }
>
  <View
    style={
      Object {
        "alignItems": "center",
        "backgroundColor": "#4d79ff",
        "borderBottomColor": "#ddd",
        "borderBottomWidth": 10,
        "justifyContent": "center",
        "marginBottom": 10,
        "width": "100%",
      }
    }
  >
    <Text
      accessible={true}
      allowFontScaling={true}
      ellipsizeMode="tail"
      style={
        Object {
          "color": "white",
          "fontSize": 18,
          "padding": 26,
        }
      }
    >
       Contacts 
    </Text>
  </View>
  <Modal
    animationType="slide"
    hardwareAccelerated={false}
    onRequestClose={[Function]}
    transparent={false}
    visible={false}
  >
    <View
      style={
        Object {
          "marginTop": 80,
        }
      }
    >
      <View
        style={
          Object {
            "alignItems": "center",
            "backgroundColor": "#4d79ff",
            "borderBottomColor": "#ddd",
            "borderBottomWidth": 10,
            "justifyContent": "center",
            "marginBottom": 10,
            "width": "100%",
          }
        }
      >
        <Text
          accessible={true}
          allowFontScaling={true}
          ellipsizeMode="tail"
          style={
            Object {
              "color": "white",
              "fontSize": 18,
              "padding": 26,
            }
          }
        >
           Add new contact 
        </Text>
      </View>
      <View
        style={
          Object {
            "margin": 20,
          }
        }
      >
        <View
          style={
            Object {
              "borderWidth": 1,
              "flexDirection": "row",
              "marginBottom": 10,
              "padding": 15,
            }
          }
        >
          <Text
            accessible={true}
            allowFontScaling={true}
            ellipsizeMode="tail"
            style={
              Object {
                "marginRight": 5,
              }
            }
          >
            Name:
          </Text>
          <TextInput
            allowFontScaling={true}
            onChangeText={[Function]}
            placeholder="Ola Nordmann"
          />
        </View>
        <View
          style={
            Object {
              "borderWidth": 1,
              "flexDirection": "row",
              "marginBottom": 10,
              "padding": 15,
            }
          }
        >
          <Text
            accessible={true}
            allowFontScaling={true}
            ellipsizeMode="tail"
            style={
              Object {
                "marginRight": 5,
              }
            }
          >
            Number:
          </Text>
          <TextInput
            allowFontScaling={true}
            onChangeText={[Function]}
            placeholder="123456789"
          />
        </View>
        <View
          style={
            Object {
              "borderWidth": 1,
              "flexDirection": "row",
              "marginBottom": 10,
              "padding": 15,
            }
          }
        >
          <Text
            accessible={true}
            allowFontScaling={true}
            ellipsizeMode="tail"
            style={
              Object {
                "marginRight": 5,
              }
            }
          >
            Mail:
          </Text>
          <TextInput
            allowFontScaling={true}
            onChangeText={[Function]}
            placeholder="ola@gmail.com"
          />
        </View>
      </View>
      <View
        style={
          Object {
            "flexDirection": "row",
            "justifyContent": "center",
          }
        }
      >
        <View
          accessibilityComponentType="button"
          accessibilityTraits={
            Array [
              "button",
            ]
          }
          accessible={true}
          isTVSelectable={true}
          onResponderGrant={[Function]}
          onResponderMove={[Function]}
          onResponderRelease={[Function]}
          onResponderTerminate={[Function]}
          onResponderTerminationRequest={[Function]}
          onStartShouldSetResponder={[Function]}
          style={
            Object {
              "opacity": 1,
            }
          }
        >
          <View
            style={
              Array [
                Object {},
              ]
            }
          >
            <Text
              accessible={true}
              allowFontScaling={true}
              ellipsizeMode="tail"
              style={
                Array [
                  Object {
                    "color": "#007AFF",
                    "fontSize": 18,
                    "padding": 8,
                    "textAlign": "center",
                  },
                ]
              }
            >
              ✖Close
            </Text>
          </View>
        </View>
        <View
          accessibilityComponentType="button"
          accessibilityTraits={
            Array [
              "button",
            ]
          }
          accessible={true}
          isTVSelectable={true}
          onResponderGrant={[Function]}
          onResponderMove={[Function]}
          onResponderRelease={[Function]}
          onResponderTerminate={[Function]}
          onResponderTerminationRequest={[Function]}
          onStartShouldSetResponder={[Function]}
          style={
            Object {
              "opacity": 1,
            }
          }
        >
          <View
            style={
              Array [
                Object {},
              ]
            }
          >
            <Text
              accessible={true}
              allowFontScaling={true}
              ellipsizeMode="tail"
              style={
                Array [
                  Object {
                    "color": "#007AFF",
                    "fontSize": 18,
                    "padding": 8,
                    "textAlign": "center",
                  },
                ]
              }
            >
              ✔Save
            </Text>
          </View>
        </View>
      </View>
    </View>
  </Modal>
  <View
    accessibilityComponentType="button"
    accessibilityTraits={
      Array [
        "button",
      ]
    }
    accessible={true}
    isTVSelectable={true}
    onResponderGrant={[Function]}
    onResponderMove={[Function]}
    onResponderRelease={[Function]}
    onResponderTerminate={[Function]}
    onResponderTerminationRequest={[Function]}
    onStartShouldSetResponder={[Function]}
    style={
      Object {
        "opacity": 1,
      }
    }
  >
    <View
      style={
        Array [
          Object {},
        ]
      }
    >
      <Text
        accessible={true}
        allowFontScaling={true}
        ellipsizeMode="tail"
        style={
          Array [
            Object {
              "color": "#007AFF",
              "fontSize": 18,
              "padding": 8,
              "textAlign": "center",
            },
          ]
        }
      >
        Add contact
      </Text>
    </View>
  </View>
</View>
`;
