// Jest Snapshot v1, https://goo.gl/fbAQLP

exports[`Home-page test Take snapshot of home 1`] = `
<View
  style={
    Object {
      "alignItems": "center",
      "flex": 1,
      "justifyContent": "center",
    }
  }
>
  <Text
    accessible={true}
    allowFontScaling={true}
    ellipsizeMode="tail"
    style={
      Object {
        "fontSize": 30,
        "marginTop": 75,
        "textAlign": "center",
      }
    }
  >
    P.I.M.M.
  </Text>
  <View
    style={
      Object {
        "flex": 1,
        "marginTop": 50,
        "width": 300,
      }
    }
  >
    <View
      style={
        Array [
          Object {
            "marginLeft": 15,
            "marginRight": 15,
          },
          undefined,
          undefined,
          undefined,
        ]
      }
    >
      <View
        accessible={true}
        isTVSelectable={true}
        onResponderGrant={[Function]}
        onResponderMove={[Function]}
        onResponderRelease={[Function]}
        onResponderTerminate={[Function]}
        onResponderTerminationRequest={[Function]}
        onStartShouldSetResponder={[Function]}
        style={null}
        testID="toDoBtn"
      >
        <View
          pointerEvents="box-only"
          style={
            Array [
              Object {
                "alignItems": "center",
                "backgroundColor": "#9E9E9E",
                "flexDirection": "row",
                "justifyContent": "center",
                "padding": 19,
              },
              undefined,
              undefined,
              undefined,
              undefined,
              undefined,
              undefined,
              undefined,
              Object {
                "padding": 12,
              },
              undefined,
              undefined,
              undefined,
              undefined,
              undefined,
              undefined,
            ]
          }
        >
          <Text
            accessible={true}
            allowFontScaling={true}
            ellipsizeMode="tail"
            style={
              Array [
                Object {},
                undefined,
                undefined,
                undefined,
                undefined,
                undefined,
                undefined,
                undefined,
                undefined,
                undefined,
                Array [
                  Object {
                    "color": "white",
                    "fontSize": 20,
                  },
                  undefined,
                  Object {
                    "fontSize": 17.5,
                  },
                  undefined,
                  undefined,
                  undefined,
                  undefined,
                  undefined,
                ],
              ]
            }
          >
            ✅ To do
          </Text>
        </View>
      </View>
    </View>
  </View>
  <View
    style={
      Object {
        "flex": 1,
        "width": 300,
      }
    }
  >
    <View
      style={
        Array [
          Object {
            "marginLeft": 15,
            "marginRight": 15,
          },
          undefined,
          undefined,
          undefined,
        ]
      }
    >
      <View
        accessible={true}
        isTVSelectable={true}
        onResponderGrant={[Function]}
        onResponderMove={[Function]}
        onResponderRelease={[Function]}
        onResponderTerminate={[Function]}
        onResponderTerminationRequest={[Function]}
        onStartShouldSetResponder={[Function]}
        style={null}
        testID="goalBtn"
      >
        <View
          pointerEvents="box-only"
          style={
            Array [
              Object {
                "alignItems": "center",
                "backgroundColor": "#9E9E9E",
                "flexDirection": "row",
                "justifyContent": "center",
                "padding": 19,
              },
              undefined,
              undefined,
              undefined,
              undefined,
              undefined,
              undefined,
              undefined,
              Object {
                "padding": 12,
              },
              undefined,
              undefined,
              undefined,
              undefined,
              undefined,
              undefined,
            ]
          }
        >
          <Text
            accessible={true}
            allowFontScaling={true}
            ellipsizeMode="tail"
            style={
              Array [
                Object {},
                undefined,
                undefined,
                undefined,
                undefined,
                undefined,
                undefined,
                undefined,
                undefined,
                undefined,
                Array [
                  Object {
                    "color": "white",
                    "fontSize": 20,
                  },
                  undefined,
                  Object {
                    "fontSize": 17.5,
                  },
                  undefined,
                  undefined,
                  undefined,
                  undefined,
                  undefined,
                ],
              ]
            }
          >
            🏆 Goal
          </Text>
        </View>
      </View>
    </View>
  </View>
  <View
    style={
      Object {
        "flex": 1,
        "marginBottom": 100,
        "width": 300,
      }
    }
  >
    <View
      style={
        Array [
          Object {
            "marginLeft": 15,
            "marginRight": 15,
          },
          undefined,
          undefined,
          undefined,
        ]
      }
    >
      <View
        accessible={true}
        isTVSelectable={true}
        onResponderGrant={[Function]}
        onResponderMove={[Function]}
        onResponderRelease={[Function]}
        onResponderTerminate={[Function]}
        onResponderTerminationRequest={[Function]}
        onStartShouldSetResponder={[Function]}
        style={null}
        testID="contactsBtn"
      >
        <View
          pointerEvents="box-only"
          style={
            Array [
              Object {
                "alignItems": "center",
                "backgroundColor": "#9E9E9E",
                "flexDirection": "row",
                "justifyContent": "center",
                "padding": 19,
              },
              undefined,
              undefined,
              undefined,
              undefined,
              undefined,
              undefined,
              undefined,
              Object {
                "padding": 12,
              },
              undefined,
              undefined,
              undefined,
              undefined,
              undefined,
              undefined,
            ]
          }
        >
          <Text
            accessible={true}
            allowFontScaling={true}
            ellipsizeMode="tail"
            style={
              Array [
                Object {},
                undefined,
                undefined,
                undefined,
                undefined,
                undefined,
                undefined,
                undefined,
                undefined,
                undefined,
                Array [
                  Object {
                    "color": "white",
                    "fontSize": 20,
                  },
                  undefined,
                  Object {
                    "fontSize": 17.5,
                  },
                  undefined,
                  undefined,
                  undefined,
                  undefined,
                  undefined,
                ],
              ]
            }
          >
            👥 Contacts
          </Text>
        </View>
      </View>
    </View>
  </View>
</View>
`;
